[iwued.com/index.html]
[backblue.gif]
[fade.gif]
[index.html]
[cdn.jsdelivr.net/npm/bootstrap@5.3.0-alpha1/dist/css/bootstrap.min.css]
[cdn.jsdelivr.net/npm/bootstrap-icons@1.11.1/font/bootstrap-icons.css]
[cdnjs.cloudflare.com/ajax/libs/font-awesome/6.4.0/css/all.min.css]
[iwued.com/Base.css]
[iwued.com/apple222.jpg]
[iwued.com/globalnav/apple/us.png]
[cdn.jsdelivr.net/npm/@popperjs/core@2.11.6/dist/umd/popper.min.js]
[cdn.jsdelivr.net/npm/bootstrap@5.3.0-alpha1/dist/js/bootstrap.min.js]
[iwued.com/index.html]
[cdn.jsdelivr.net/npm/bootstrap@5.3.0-alpha1/dist/css/bootstrap.min.css]
[cdn.jsdelivr.net/npm/bootstrap-icons@1.11.1/font/fonts/bootstrap-iconsafdf.woff2]
[cdn.jsdelivr.net/npm/bootstrap-icons@1.11.1/font/fonts/bootstrap-iconsafdf.woff]
[cdn.jsdelivr.net/npm/bootstrap-icons@1.11.1/font/bootstrap-icons.css]
[cdnjs.cloudflare.com/ajax/libs/font-awesome/6.4.0/css/all.min.css]
[iwued.com/globalnav/apple/image_small.svg]
[iwued.com/Base.css]
[iwued.com/code.jquery.com/jquery-1.12.0.min.html]
[iwued.com/globalnav/apple/image_large.html]
[iwued.com/globalnav/apple/image_small.svg]
[iwued.com/globalnav/links/mac/image_large.html]
[iwued.com/globalnav/links/mac/image_small.html]
[iwued.com/globalnav/links/ipad/image_large.html]
[iwued.com/globalnav/links/ipad/image_small.html]
[iwued.com/globalnav/links/iphone/image_large.html]
[iwued.com/globalnav/links/iphone/image_small.html]
[iwued.com/globalnav/links/watch/image_large.html]
[iwued.com/globalnav/links/watch/image_small.html]
[iwued.com/globalnav/links/tv/image_large.html]
[iwued.com/globalnav/links/tv/image_small.html]
[iwued.com/globalnav/links/music/image_large.html]
[iwued.com/globalnav/links/music/image_small.html]
[iwued.com/globalnav/links/support/image_large.html]
[iwued.com/globalnav/links/support/image_small.html]
[iwued.com/globalnav/search/image_large.html]
[iwued.com/globalnav/search/image_small.html]
[iwued.com/globalnav/bag/image_large.html]
[iwued.com/globalnav/bag/image_small.html]
[iwued.com/globalnav/search/icon_reset_small.html]
